Trying to load the allocator multiple times. This is *not* supported.
[4397:3894924:0923/022343.362996:ERROR:google_apis/gcm/engine/registration_request.cc:291] Registration response error message: DEPRECATED_ENDPOINT
Created TensorFlow Lite XNNPACK delegate for CPU.
[4614:3896277:0923/022359.802597:VERBOSE1:chrome/updater/updater.cc:374] Version: 152.0.7933.0, opt, ARM_64, command line: /Users/felipemore/Library/Application Support/Google/GoogleUpdater/152.0.7933.0/GoogleUpdater.app/Contents/MacOS/GoogleUpdater --wake-all --enable-logging --vmodule=*/components/update_client/*=2,*/chrome/enterprise_companion/*=2,*/chrome/updater/*=2
[4614:3896277:0923/022359.803113:VERBOSE1:chrome/updater/updater.cc:377] OS version: 27.0.0, arch: arm64, System uptime (seconds): 86681, parent pid: 4397
[4614:3896277:0923/022359.804668:VERBOSE1:chrome/updater/updater.cc:382] Available disk space in install directory (/Users/felipemore/Library/Application Support/Google/GoogleUpdater): 35847397376B (33.385GiB) / 245107195904B (228.274GiB)
[4614:3896277:0923/022359.804683:VERBOSE1:chrome/updater/updater.cc:386] Available disk space in temporary directory (/var/folders/hv/23q7q4v91254pq425s_gvsdh0000gn/T/): 35847397376B (33.385GiB) / 245107195904B (228.274GiB)
[4614:3896277:0923/022359.804752:VERBOSE2:chrome/updater/event_history.cc:265] Emitted a UPDATER_PROCESS START event to the history log
[4616:3896281:0923/022359.815533:VERBOSE1:chrome/updater/updater.cc:374] Version: 152.0.7933.0, opt, ARM_64, command line: /Users/felipemore/Library/Application Support/Google/GoogleUpdater/152.0.7933.0/GoogleUpdater.app/Contents/MacOS/GoogleUpdater --crash-handler --database=/Users/felipemore/Library/Application Support/Google/GoogleUpdater/152.0.7933.0/Crashpad --url=https://clients2.google.com/cr/report --annotation=prod=Update4 --annotation=ver=152.0.7933.0 --handshake-fd=6 --enable-logging --vmodule=*/components/update_client/*=2,*/chrome/enterprise_companion/*=2,*/chrome/updater/*=2
[4616:3896281:0923/022359.815954:VERBOSE1:chrome/updater/updater.cc:377] OS version: 27.0.0, arch: arm64, System uptime (seconds): 86681, parent pid: 1
[4616:3896281:0923/022359.817396:VERBOSE1:chrome/updater/updater.cc:382] Available disk space in install directory (/Users/felipemore/Library/Application Support/Google/GoogleUpdater): 35847393280B (33.385GiB) / 245107195904B (228.274GiB)
[4616:3896281:0923/022359.817411:VERBOSE1:chrome/updater/updater.cc:386] Available disk space in temporary directory (/var/folders/hv/23q7q4v91254pq425s_gvsdh0000gn/T/): 35847393280B (33.385GiB) / 245107195904B (228.274GiB)
[4616:3896281:0923/022359.817481:VERBOSE2:chrome/updater/event_history.cc:265] Emitted a UPDATER_PROCESS START event to the history log
[4614:3896277:0923/022359.817878:VERBOSE1:chrome/updater/crash_reporter.cc:124] Crash handler launched and ready.
[4614:3896277:0923/022359.818467:VERBOSE1:chrome/updater/crash_client.cc:108] Found 0 completed crash reports
[4614:3896277:0923/022359.818545:VERBOSE1:chrome/updater/crash_client.cc:132] Found 0 pending crash reports
[4614:3896277:0923/022359.818628:ERROR:third_party/crashpad/crashpad/util/file/file_io_posix.cc:145] open /Users/felipemore/Library/Application Support/Google/RLZ/Crashpad/settings.dat: No such file or directory (2)
[4614:3896277:0923/022359.818643:ERROR:third_party/crashpad/crashpad/util/file/file_io_posix.cc:145] open /Users/felipemore/Library/Application Support/Google/consentOptions/Crashpad/settings.dat: No such file or directory (2)
[4614:3896277:0923/022359.818680:ERROR:third_party/crashpad/crashpad/util/file/file_io_posix.cc:145] open /Users/felipemore/Library/Application Support/Google/AndroidStudio2025.1.1/Crashpad/settings.dat: No such file or directory (2)
[4614:3896277:0923/022359.818908:VERBOSE1:chrome/updater/updater.cc:105] Crash reporting initialized.
[4614:3896289:0923/022359.819211:VERBOSE1:chrome/updater/app/app_wakeall.cc:58] Launching `/Users/felipemore/Library/Application Support/Google/GoogleUpdater/152.0.7933.0/GoogleUpdater.app/Contents/MacOS/GoogleUpdater --wake`
[4617:3896293:0923/022359.827461:VERBOSE1:chrome/updater/updater.cc:374] Version: 152.0.7933.0, opt, ARM_64, command line: /Users/felipemore/Library/Application Support/Google/GoogleUpdater/152.0.7933.0/GoogleUpdater.app/Contents/MacOS/GoogleUpdater --wake --enable-logging --vmodule=*/components/update_client/*=2,*/chrome/enterprise_companion/*=2,*/chrome/updater/*=2
[4617:3896293:0923/022359.828586:VERBOSE1:chrome/updater/updater.cc:377] OS version: 27.0.0, arch: arm64, System uptime (seconds): 86681, parent pid: 4614
[4617:3896293:0923/022359.831262:VERBOSE1:chrome/updater/updater.cc:382] Available disk space in install directory (/Users/felipemore/Library/Application Support/Google/GoogleUpdater): 35847393280B (33.385GiB) / 245107195904B (228.274GiB)
[4617:3896293:0923/022359.831285:VERBOSE1:chrome/updater/updater.cc:386] Available disk space in temporary directory (/var/folders/hv/23q7q4v91254pq425s_gvsdh0000gn/T/): 35847393280B (33.385GiB) / 245107195904B (228.274GiB)
[4617:3896293:0923/022359.831396:VERBOSE2:chrome/updater/event_history.cc:265] Emitted a UPDATER_PROCESS START event to the history log
[4619:3896297:0923/022359.839665:VERBOSE1:chrome/updater/updater.cc:374] Version: 152.0.7933.0, opt, ARM_64, command line: /Users/felipemore/Library/Application Support/Google/GoogleUpdater/152.0.7933.0/GoogleUpdater.app/Contents/MacOS/GoogleUpdater --crash-handler --database=/Users/felipemore/Library/Application Support/Google/GoogleUpdater/152.0.7933.0/Crashpad --url=https://clients2.google.com/cr/report --annotation=prod=Update4 --annotation=ver=152.0.7933.0 --handshake-fd=6 --enable-logging --vmodule=*/components/update_client/*=2,*/chrome/enterprise_companion/*=2,*/chrome/updater/*=2
[4619:3896297:0923/022359.840177:VERBOSE1:chrome/updater/updater.cc:377] OS version: 27.0.0, arch: arm64, System uptime (seconds): 86681, parent pid: 1
[4619:3896297:0923/022359.841791:VERBOSE1:chrome/updater/updater.cc:382] Available disk space in install directory (/Users/felipemore/Library/Application Support/Google/GoogleUpdater): 35847389184B (33.385GiB) / 245107195904B (228.274GiB)
[4619:3896297:0923/022359.841805:VERBOSE1:chrome/updater/updater.cc:386] Available disk space in temporary directory (/var/folders/hv/23q7q4v91254pq425s_gvsdh0000gn/T/): 35847389184B (33.385GiB) / 245107195904B (228.274GiB)
[4619:3896297:0923/022359.841883:VERBOSE2:chrome/updater/event_history.cc:265] Emitted a UPDATER_PROCESS START event to the history log
[4617:3896293:0923/022359.842292:VERBOSE1:chrome/updater/crash_reporter.cc:124] Crash handler launched and ready.
[4617:3896293:0923/022359.842769:VERBOSE1:chrome/updater/crash_client.cc:108] Found 0 completed crash reports
[4617:3896293:0923/022359.842822:VERBOSE1:chrome/updater/crash_client.cc:132] Found 0 pending crash reports
[4617:3896293:0923/022359.842893:ERROR:third_party/crashpad/crashpad/util/file/file_io_posix.cc:145] open /Users/felipemore/Library/Application Support/Google/RLZ/Crashpad/settings.dat: No such file or directory (2)
[4617:3896293:0923/022359.842905:ERROR:third_party/crashpad/crashpad/util/file/file_io_posix.cc:145] open /Users/felipemore/Library/Application Support/Google/consentOptions/Crashpad/settings.dat: No such file or directory (2)
[4617:3896293:0923/022359.842932:ERROR:third_party/crashpad/crashpad/util/file/file_io_posix.cc:145] open /Users/felipemore/Library/Application Support/Google/AndroidStudio2025.1.1/Crashpad/settings.dat: No such file or directory (2)
[4617:3896293:0923/022359.843110:VERBOSE1:chrome/updater/updater.cc:105] Crash reporting initialized.
[4617:3896293:0923/022359.843268:VERBOSE1:chrome/updater/ipc/update_service_internal_proxy_mojo.cc:61] Run
[4397:3894924:0923/022411.197902:ERROR:google_apis/gcm/engine/registration_request.cc:291] Registration response error message: DEPRECATED_ENDPOINT
[4397:3894924:0923/022415.272759:ERROR:google_apis/gcm/engine/connection_factory_impl.cc:484] ConnectionHandler failed with net error: -2
[4397:3894855:0923/022415.293235:ERROR:content/browser/gpu/gpu_process_host.cc:1054] GPU process exited unexpectedly: exit_code=15
[4617:3896293:0923/022416.422427:VERBOSE1:chrome/updater/app/app.cc:52] Shutdown: 0
[4617:3896293:0923/022416.422640:VERBOSE2:chrome/updater/event_history.cc:265] Emitted a UPDATER_PROCESS END event to the history log
[4617:3896293:0923/022416.422665:VERBOSE1:chrome/updater/updater.cc:419] UpdaterMain (--wake) returned 0.
[4614:3896289:0923/022416.610995:VERBOSE1:chrome/updater/app/app_wakeall.cc:68] `/Users/felipemore/Library/Application Support/Google/GoogleUpdater/152.0.7933.0/GoogleUpdater.app/Contents/MacOS/GoogleUpdater --wake` exited 0
[4614:3896277:0923/022416.611257:VERBOSE1:chrome/updater/app/app.cc:52] Shutdown: 0
[4614:3896277:0923/022416.611656:VERBOSE2:chrome/updater/event_history.cc:265] Emitted a UPDATER_PROCESS END event to the history log
[4614:3896277:0923/022416.611701:VERBOSE1:chrome/updater/updater.cc:419] UpdaterMain (--wake-all) returned 0.
[4619:3896297:0923/022426.434295:VERBOSE2:chrome/updater/event_history.cc:265] Emitted a UPDATER_PROCESS END event to the history log
[4619:3896297:0923/022426.434341:VERBOSE1:chrome/updater/updater.cc:419] UpdaterMain (--crash-handler) returned 0.
[4616:3896281:0923/022426.435787:VERBOSE2:chrome/updater/event_history.cc:265] Emitted a UPDATER_PROCESS END event to the history log
[4616:3896281:0923/022426.435831:VERBOSE1:chrome/updater/updater.cc:419] UpdaterMain (--crash-handler) returned 0.
