----- Q-AX2 [click] before_title=CUA-B1-K1-P4-S240-C370x623-M12-N0
./run-matrix.sh: line 37: /Users/felipemore/Projects/ZCode-Fork-cua/spikes/cua-probe/evidence/window-pointer-20260923-021940/Q-AX2.action.json: No such file or directory
      Q-AX2 action=
      Q-AX2 after_title=CUA-B1-K1-P4-S240-C370x623-M20-N0
      Q-AX2 watch=
      Q-AX2 trial Q-AX2 ABORTED: no quiet non-frontmost window within 120s
----- Q-WHL2 [scroll] before_title=CUA-B1-K1-P4-S240-C370x623-M20-N0
trial Q-WHL2 complete -> /Users/felipemore/Projects/ZCode-Fork-cua/spikes/cua-probe/evidence/window-pointer-20260923-021940
      Q-WHL2 action={  "delivery": {    "mode": "background"  },  "effect": "unverifiable",  "route": "synthetic_events"}
      Q-WHL2 after_title=CUA-B1-K1-P4-S480-C370x623-M20-N0
      Q-WHL2 watch={"axTrusted":true,"ok":true,"physicalByType":{"1":3,"2":3,"5":211},"physicalEvents":217,"seconds":5,"syntheticEvents":0,"tapDisabledBySystem":0}
----- Q-WHL3 [scroll] before_title=CUA-B1-K1-P4-S480-C370x623-M20-N0
trial Q-WHL3 complete -> /Users/felipemore/Projects/ZCode-Fork-cua/spikes/cua-probe/evidence/window-pointer-20260923-021940
      Q-WHL3 action={  "delivery": {    "mode": "background"  },  "effect": "unverifiable",  "route": "synthetic_events"}
      Q-WHL3 after_title=CUA-B1-K1-P4-S628-C370x623-M80-N0
      Q-WHL3 watch={"axTrusted":true,"ok":true,"physicalByType":{"1":1,"5":34,"6":23},"physicalEvents":58,"seconds":5,"syntheticEvents":0,"tapDisabledBySystem":0}
----- Q-DBL2 [double_click] before_title=CUA-B1-K1-P4-S628-C370x623-M80-N0
trial Q-DBL2 complete -> /Users/felipemore/Projects/ZCode-Fork-cua/spikes/cua-probe/evidence/window-pointer-20260923-021940
      Q-DBL2 action={  "delivery": {    "mode": "background"  },  "effect": "unverifiable",  "route": "synthetic_events"}
      Q-DBL2 after_title=CUA-B1-K3-P6-S628-C370x623-M80-N0
      Q-DBL2 watch={"axTrusted":true,"ok":true,"physicalByType":{},"physicalEvents":0,"seconds":5,"syntheticEvents":0,"tapDisabledBySystem":0}
----- Q-PXC3 [click] before_title=CUA-B1-K3-P6-S628-C370x623-M80-N0
trial Q-PXC3 complete -> /Users/felipemore/Projects/ZCode-Fork-cua/spikes/cua-probe/evidence/window-pointer-20260923-021940
      Q-PXC3 action={  "delivery": {    "mode": "background"  },  "effect": "unverifiable",  "route": "accessibility"}
      Q-PXC3 after_title=CUA-B1-K3-P7-S628-C185x335-M80-N0
      Q-PXC3 watch={"axTrusted":true,"ok":true,"physicalByType":{"5":26},"physicalEvents":26,"seconds":5,"syntheticEvents":0,"tapDisabledBySystem":0}
----- matrix complete
